{
	"Addresses": [
		"Mn5LL71RjhDpjMjCcDDo7AQKoJoPoWaEAX",
		"buDFq2kR9JLJcPoirZbiEL5DJGGBgpbXaU",
		"Xzm3BCV8XCWUgCuM7rtdZ1RUTZnPqKcvw1"
	]
}
