{
	"Addresses": [
		"vcMKaEkTPJWRgxH1ghrAN1Jp2hUn7gLxbH",
		"2c3Dr4YdHSyc9HAPrjnHcXLQEKnHEitHUn2"
	]
}
