{
	"addresses": [
		"6mfB6kFhfXttBArf5jZS5e2LFCVBEfiTCL"
	]
}
